------------------------------------------------------------
Timing Analyzer Summary
------------------------------------------------------------

Type  : Slow 1200mV 85C Model Setup 'clk_gen|altera_dcm_inst|altpll_component|auto_generated|pll1|clk[0]'
Slack : 21.056
TNS   : 0.000

Type  : Slow 1200mV 85C Model Setup 'clk_gen|altera_dcm_inst|altpll_component|auto_generated|pll1|clk[1]'
Slack : 35.885
TNS   : 0.000

Type  : Slow 1200mV 85C Model Hold 'clk_gen|altera_dcm_inst|altpll_component|auto_generated|pll1|clk[0]'
Slack : 0.451
TNS   : 0.000

Type  : Slow 1200mV 85C Model Hold 'clk_gen|altera_dcm_inst|altpll_component|auto_generated|pll1|clk[1]'
Slack : 50.246
TNS   : 0.000

Type  : Slow 1200mV 85C Model Minimum Pulse Width 'clk_ref'
Slack : 9.934
TNS   : 0.000

Type  : Slow 1200mV 85C Model Minimum Pulse Width 'clk_gen|altera_dcm_inst|altpll_component|auto_generated|pll1|clk[0]'
Slack : 49.720
TNS   : 0.000

Type  : Slow 1200mV 85C Model Minimum Pulse Width 'clk_gen|altera_dcm_inst|altpll_component|auto_generated|pll1|clk[1]'
Slack : 49.721
TNS   : 0.000

Type  : Slow 1200mV 0C Model Setup 'clk_gen|altera_dcm_inst|altpll_component|auto_generated|pll1|clk[0]'
Slack : 22.643
TNS   : 0.000

Type  : Slow 1200mV 0C Model Setup 'clk_gen|altera_dcm_inst|altpll_component|auto_generated|pll1|clk[1]'
Slack : 36.729
TNS   : 0.000

Type  : Slow 1200mV 0C Model Hold 'clk_gen|altera_dcm_inst|altpll_component|auto_generated|pll1|clk[0]'
Slack : 0.400
TNS   : 0.000

Type  : Slow 1200mV 0C Model Hold 'clk_gen|altera_dcm_inst|altpll_component|auto_generated|pll1|clk[1]'
Slack : 50.247
TNS   : 0.000

Type  : Slow 1200mV 0C Model Minimum Pulse Width 'clk_ref'
Slack : 9.943
TNS   : 0.000

Type  : Slow 1200mV 0C Model Minimum Pulse Width 'clk_gen|altera_dcm_inst|altpll_component|auto_generated|pll1|clk[0]'
Slack : 49.717
TNS   : 0.000

Type  : Slow 1200mV 0C Model Minimum Pulse Width 'clk_gen|altera_dcm_inst|altpll_component|auto_generated|pll1|clk[1]'
Slack : 49.722
TNS   : 0.000

Type  : Fast 1200mV 0C Model Setup 'clk_gen|altera_dcm_inst|altpll_component|auto_generated|pll1|clk[0]'
Slack : 37.353
TNS   : 0.000

Type  : Fast 1200mV 0C Model Setup 'clk_gen|altera_dcm_inst|altpll_component|auto_generated|pll1|clk[1]'
Slack : 43.733
TNS   : 0.000

Type  : Fast 1200mV 0C Model Hold 'clk_gen|altera_dcm_inst|altpll_component|auto_generated|pll1|clk[0]'
Slack : 0.186
TNS   : 0.000

Type  : Fast 1200mV 0C Model Hold 'clk_gen|altera_dcm_inst|altpll_component|auto_generated|pll1|clk[1]'
Slack : 50.054
TNS   : 0.000

Type  : Fast 1200mV 0C Model Minimum Pulse Width 'clk_ref'
Slack : 9.594
TNS   : 0.000

Type  : Fast 1200mV 0C Model Minimum Pulse Width 'clk_gen|altera_dcm_inst|altpll_component|auto_generated|pll1|clk[0]'
Slack : 49.732
TNS   : 0.000

Type  : Fast 1200mV 0C Model Minimum Pulse Width 'clk_gen|altera_dcm_inst|altpll_component|auto_generated|pll1|clk[1]'
Slack : 49.733
TNS   : 0.000

------------------------------------------------------------
